// Jest Snapshot v1, https://goo.gl/fbAQLP

exports[`<App /> renders App component 1`] = `
<Fragment>
  <WithStyles(ForwardRef(Typography))
    align="center"
    gutterBottom={true}
    variant="h2"
  >
    Welcome to the JIRA project!
  </WithStyles(ForwardRef(Typography))>
  <WithStyles(ForwardRef(Divider))
    variant="middle"
  />
  <ReceivingDataContainer
    bottomRef={
      Object {
        "current": undefined,
      }
    }
    setIsLoading={[Function]}
    setReceivedProcessedData={[Function]}
    setStatus={[Function]}
  />
  <Status
    isLoading={false}
    status={null}
  />
  <div />
  <n
    id="scroll-to-top"
  />
</Fragment>
`;
